
% Table created by stargazer v.5.2 by Marek Hlavac, Harvard University. E-mail: hlavac at fas.harvard.edu
% Date and time: Mon, Jul 11, 2016 - 09:43:40 AM
\begin{table}[!htbp] \centering 
  \caption{Impact of Infrastructure Aid on Forest Loss} 
  \label{} 
\begin{tabular}{@{\extracolsep{5pt}}lcccc} 
\\[-1.8ex]\hline 
\hline \\[-1.8ex] 
 & \multicolumn{4}{c}{Forest Loss} \\ 
\cline{2-5} 
\\[-1.8ex] & \multicolumn{4}{c}{} \\ 
 & Naive & Naive (Low PC) & Model Avg & geoSIMEX \\ 
\\[-1.8ex] & (1) & (2) & (3) & (4)\\ 
\hline \\[-1.8ex] 
 Aid & 0.117$^{***}$ & 0.066$^{*}$ & 0.114$^{***}$ & 0.159 \\ 
  & (0.035) & (0.037) & (0.036) & (0.274) \\ 
  & & & & \\ 
 Air Temp (Max) & 0.113 & 0.116 & 0.111 & 0.102 \\ 
  & (0.248) & (0.248) & (0.248) & (0.263) \\ 
  & & & & \\ 
 Air Temp (Min) & 1.046$^{**}$ & 0.988$^{*}$ & 1.042$^{**}$ & 1.028$^{*}$ \\ 
  & (0.522) & (0.522) & (0.522) & (0.622) \\ 
  & & & & \\ 
 Air Temp (Avg) & 3.472$^{***}$ & 3.583$^{***}$ & 3.494$^{***}$ & 3.495$^{***}$ \\ 
  & (0.925) & (0.927) & (0.925) & (1.169) \\ 
  & & & & \\ 
 Precip (Max) & 0.286$^{***}$ & 0.287$^{***}$ & 0.286$^{***}$ & 0.286$^{***}$ \\ 
  & (0.029) & (0.029) & (0.029) & (0.030) \\ 
  & & & & \\ 
 Precip  (Min) & 0.007$^{**}$ & 0.009$^{***}$ & 0.008$^{**}$ & 0.007 \\ 
  & (0.003) & (0.003) & (0.003) & (0.005) \\ 
  & & & & \\ 
 Precip  (Avg) & $-$0.032$^{**}$ & $-$0.036$^{**}$ & $-$0.033$^{**}$ & $-$0.031 \\ 
  & (0.015) & (0.015) & (0.015) & (0.019) \\ 
  & & & & \\ 
 lnyx & 0.0001 & 0.0001 & 0.0001 & 0.0001 \\ 
  & (0.0002) & (0.0002) & (0.0002) & (0.0002) \\ 
  & & & & \\ 
 Nighttime Lines & $-$0.021 & $-$0.021 & $-$0.021 & $-$0.018 \\ 
  & (0.033) & (0.033) & (0.033) & (0.034) \\ 
  & & & & \\ 
 Constant & 2.009$^{***}$ & 2.038$^{***}$ & 2.010$^{***}$ & 1.978$^{***}$ \\ 
  & (0.335) & (0.335) & (0.335) & (0.382) \\ 
  & & & & \\ 
\hline \\[-1.8ex] 
Observations & 1,869 & 1,869 & 0 & 1,869 \\ 
\hline 
\hline \\[-1.8ex] 
\textit{Note:}  & \multicolumn{4}{r}{$^{*}$p$<$0.1; $^{**}$p$<$0.05; $^{***}$p$<$0.01} \\ 
 & \multicolumn{4}{r}{Standard errors in parentheses} \\ 
\end{tabular} 
\end{table} 
